<html>
<body>
<pre>
<h1>礦ision Build Log</h1>
<h2>Tool Versions:</h2>
IDE-Version: μVision V5.41.0.0
Copyright (C) 2024 ARM Ltd and ARM Germany GmbH. All rights reserved.
License Information: bilimelon bilimelon, bilimelon, LIC=VGXG8-3M9C2-ARSXW-QMICY-FB8KE-A8EHI
 
Tool Versions:
Toolchain:       MDK-ARM Plus  Version: 5.41.0.0
Toolchain Path:  D:\Software\Keil\ARM\ARMCC\Bin
C Compiler:      Armcc.exe V5.06 update 7 (build 960)
Assembler:       Armasm.exe V5.06 update 7 (build 960)
Linker/Locator:  ArmLink.exe V5.06 update 7 (build 960)
Library Manager: ArmAr.exe V5.06 update 7 (build 960)
Hex Converter:   FromElf.exe V5.06 update 7 (build 960)
CPU DLL:         SARMCM3.DLL V5.41.0.0
Dialog DLL:      DCM.DLL V1.17.5.0
Target DLL:      STLink\ST-LINKIII-KEIL_SWO.dll V3.3.0.0
Dialog DLL:      TCM.DLL V1.56.4.0
 
<h2>Project:</h2>
D:\Project\DeskBoard\1163Keil\MDK-ARM\Code.uvprojx
Project File Date:  12/07/2024

<h2>Output:</h2>
*** Using Compiler 'V5.06 update 7 (build 960)', folder: 'D:\Software\Keil\ARM\ARMCC\Bin'
Rebuild target 'Code'
assembling startup_stm32f103xb.s...
compiling stm32f1xx_it.c...
compiling stm32f1xx_hal_gpio_ex.c...
compiling stm32f1xx_hal.c...
compiling stm32f1xx_hal_msp.c...
compiling stm32f1xx_hal_rcc_ex.c...
compiling stm32f1xx_hal_timebase_tim.c...
compiling stm32f1xx_hal_gpio.c...
compiling freertos.c...
compiling stm32f1xx_hal_adc_ex.c...
compiling stm32f1xx_hal_adc.c...
compiling stm32f1xx_hal_dma.c...
compiling stm32f1xx_hal_rcc.c...
compiling main.c...
compiling stm32f1xx_hal_cortex.c...
compiling stm32f1xx_hal_pwr.c...
compiling stm32f1xx_hal_flash_ex.c...
compiling stm32f1xx_hal_flash.c...
compiling stm32f1xx_hal_exti.c...
compiling pwm.c...
compiling system_stm32f1xx.c...
compiling croutine.c...
compiling stm32f1xx_hal_uart.c...
compiling stm32f1xx_hal_tim_ex.c...
compiling event_groups.c...
compiling IOI2C.c...
..\Bsp\Src\IOI2C.c(57): warning:  #61-D: integer operation result is out of range
  	SDA_IN();      //SDA设置为输入  
..\Bsp\Src\IOI2C.c(57): warning:  #68-D: integer conversion resulted in a change of sign
  	SDA_IN();      //SDA设置为输入  
..\Bsp\Src\IOI2C.c(214): warning:  #61-D: integer operation result is out of range
  	SDA_IN();//SDA设置为输入
..\Bsp\Src\IOI2C.c(214): warning:  #68-D: integer conversion resulted in a change of sign
  	SDA_IN();//SDA设置为输入
..\Bsp\Src\IOI2C.c: 4 warnings, 0 errors
compiling sys.c...
compiling list.c...
compiling delay.c...
..\System\Src\delay.c(4): warning:  #550-D: variable "fac_ms"  was set but never used
  static u16 fac_ms=0;							//ms延时倍乘数,在ucos下,代表每个节拍的ms数
..\System\Src\delay.c: 1 warning, 0 errors
compiling stream_buffer.c...
compiling queue.c...
compiling heap_4.c...
compiling timers.c...
compiling stm32f1xx_hal_tim.c...
compiling tasks.c...
compiling Init.c...
compiling port.c...
compiling DCmotor.c...
compiling cmsis_os2.c...
compiling MPU6050.c...
compiling inv_mpu_dmp_motion_driver.c...
compiling inv_mpu.c...
linking...
Program Size: Code=30424 RO-data=3916 RW-data=296 ZI-data=7880  
FromELF: creating hex file...
"Code\Code.axf" - 0 Error(s), 5 Warning(s).

<h2>Software Packages used:</h2>

Package Vendor: ARM
                https://www.keil.com/pack/ARM.CMSIS.6.1.0.pack
                ARM::CMSIS@6.1.0
                CMSIS (Common Microcontroller Software Interface Standard)
   * Component: CORE Version: 6.1.0

Package Vendor: Keil
                https://www.keil.com/pack/Keil.STM32F1xx_DFP.2.4.1.pack
                Keil::STM32F1xx_DFP@2.4.1
                STMicroelectronics STM32F1 Series Device Support, Drivers and Examples

<h2>Collection of Component include folders:</h2>
  ./RTE/_Code
  C:/Users/bilimelon/AppData/Local/Arm/Packs/ARM/CMSIS/6.1.0/CMSIS/Core/Include
  C:/Users/bilimelon/AppData/Local/Arm/Packs/Keil/STM32F1xx_DFP/2.4.1/Device/Include

<h2>Collection of Component Files used:</h2>

   * Component: ARM::CMSIS:CORE@6.1.0
      Include file:  CMSIS/Core/Include/tz_context.h
Build Time Elapsed:  00:00:03
</pre>
</body>
</html>
